; A basic PHP style test
error_log = '/var/log/php.log'  ; with an EOL comment
;highlight.string  = #DD0000
;highlight.comment = #FF9900
error_reporting = E_ALL & ~E_DEPRECATED & ~E_STRICT

; End of File
