127.0.0.1/32            scram-sha-256
::1/128                 scram-sha-256
