[Unit]
Description=A basic systemd unit

[Service]
User=newuser
Group=servicegroup
Type=oneshot
ExecStart=/usr/bin/somebinary

